// Jest Snapshot v1, https://goo.gl/fbAQLP

exports[`Accessible Text Input profile has correct width 1`] = `
<View
  accessible={true}
  collapsable={false}
  focusable={true}
  onBlur={[Function]}
  onClick={[Function]}
  onFocus={[Function]}
  onResponderGrant={[Function]}
  onResponderMove={[Function]}
  onResponderRelease={[Function]}
  onResponderTerminate={[Function]}
  onResponderTerminationRequest={[Function]}
  onStartShouldSetResponder={[Function]}
>
  <Image
    source={0}
    style={
      Object {
        "height": 100,
        "width": 100,
      }
    }
  />
</View>
`;

exports[`Accessible Text Input renders input text 1`] = `
<View
  accessible={true}
  collapsable={false}
  focusable={true}
  onBlur={[Function]}
  onClick={[Function]}
  onFocus={[Function]}
  onResponderGrant={[Function]}
  onResponderMove={[Function]}
  onResponderRelease={[Function]}
  onResponderTerminate={[Function]}
  onResponderTerminationRequest={[Function]}
  onStartShouldSetResponder={[Function]}
>
  <Image
    source={0}
    style={
      Object {
        "height": 100,
        "width": 100,
      }
    }
  />
</View>
`;
